mode: set
tt/test/main.go:4.24,6.2 1 1
tt/test/main.go:8.29,10.2 1 1
